LexToken(START,'S',1,0)
LexToken(NON_TERMINAL,'S',1,0)
LexToken(RULE,'<<><>>',1,4)
LexToken(TERMINAL,'(',1,11)
LexToken(NON_TERMINAL,'S',1,15)
LexToken(TERMINAL,')',1,19)
LexToken(SEPARATOR,'~',1,23)
LexToken(EMPTY,'%%%%%',1,25)
LexToken(END_OF_LINE,'|||||',1,31)
