LexToken(START,'S',1,0)
LexToken(NON_TERMINAL,'S',1,0)
LexToken(RULE,'<<><>>',1,4)
LexToken(NON_TERMINAL,'S',1,11)
LexToken(TERMINAL,'+',1,15)
LexToken(NON_TERMINAL,'T',1,19)
LexToken(SEPARATOR,'~',1,23)
LexToken(NON_TERMINAL,'S',1,25)
LexToken(TERMINAL,'-',1,29)
LexToken(NON_TERMINAL,'T',1,33)
LexToken(END_OF_LINE,'|||||',1,37)
LexToken(NON_TERMINAL,'S',1,0)
LexToken(RULE,'<<><>>',1,4)
LexToken(NON_TERMINAL,'T',1,11)
LexToken(END_OF_LINE,'|||||',1,15)
LexToken(NON_TERMINAL,'T',1,0)
LexToken(RULE,'<<><>>',1,4)
LexToken(NON_TERMINAL,'T',1,11)
LexToken(TERMINAL,'*',1,15)
LexToken(NON_TERMINAL,'F',1,19)
LexToken(END_OF_LINE,'|||||',1,23)
LexToken(NON_TERMINAL,'T',1,0)
LexToken(RULE,'<<><>>',1,4)
LexToken(NON_TERMINAL,'T',1,11)
LexToken(TERMINAL,'/',1,15)
LexToken(NON_TERMINAL,'F',1,19)
LexToken(END_OF_LINE,'|||||',1,23)
LexToken(NON_TERMINAL,'T',1,0)
LexToken(RULE,'<<><>>',1,4)
LexToken(NON_TERMINAL,'F',1,11)
LexToken(END_OF_LINE,'|||||',1,15)
LexToken(NON_TERMINAL,'F',1,0)
LexToken(RULE,'<<><>>',1,4)
LexToken(TERMINAL,'(',1,11)
LexToken(NON_TERMINAL,'S',1,15)
LexToken(TERMINAL,')',1,19)
LexToken(END_OF_LINE,'|||||',1,23)
LexToken(NON_TERMINAL,'F',1,0)
LexToken(RULE,'<<><>>',1,4)
LexToken(TERMINAL,'x',1,11)
LexToken(END_OF_LINE,'|||||',1,15)
