GRAMMAR

Non terminals: S
Terminals: ['(', ')']
Start: S

S -> (S) | %%%%%
