GRAMMAR

Non terminals: S
Terminals: ['a']
Start: S

S -> aSa | a | %%%%%
