GRAMMAR

Non terminals: F, S, T
Terminals: ['(', ')', '*', '+', '-', '/', 'x']
Start: S

S -> S+T | S-T
S -> T
T -> T*F
T -> T/F
T -> F
F -> (S)
F -> x
